<html>
  Hello wolrd!
</br>
This is the name of a variable.
This is a new Line, but this is in the same line.
</html>
