<!DOCTYPE html>
<html>
  <body>	

	</h1>Header:FOLDER-2</h1>
pagePath:/path/folder2</br>
pageName:index.html</br>
filePath:/lib</br>
fileName:header.html</br>
contextPath:/path/folder2</br>


	</h1>FOLDER 2</h1>
		pagePath:/path/folder2</br>
		pageName:index.html</br>
		filePath:/path/folder2</br>
		fileName:index.html</br>
		contextPath:/path/folder2</br>
</p>
	</br>
	
  </body>
</html>