<!DOCTYPE html>
<html>
  <body>	

	</h1>Header</h1>
pagePath:/folder</br>
pageName:page2.html</br>
filePath:/lib</br>
fileName:header.html</br>

	</h1>Page 2</h1>
		pagePath:/folder</br>
		pageName:page2.html</br>
		filePath:/folder</br>
		fileName:page2.html</br>
</p>
	The site description</br>
	folder
  </body>
</html>
