<!DOCTYPE html>
<html>
  <head>
  <meta name="description" content="The site description">
  <title>Page 2</title>
</head>
  <body>	
	Content of the page 2	
	</p>
The common footer
  </body>
</html>
